// Jest Snapshot v1, https://goo.gl/fbAQLP

exports[`Posts matches a snapshot 1`] = `
<ul
  className="sc-gZMcBi gIIBCr"
>
  <li>
    <a
      className="sc-gqjmRU xwxcz"
      href="/posts/1"
      onClick={[Function]}
    >
      <p>
         
        asperiores ea ipsam voluptatibus modi minima quia sinta
      </p>
    </a>
    <p
      className="sc-VigVT bblIYE"
    />
  </li>
  <li>
    <a
      className="sc-gqjmRU xwxcz"
      href="/posts/21"
      onClick={[Function]}
    >
      <p>
         
        ullam ut quidem id aut vel consequunt
      </p>
    </a>
    <p
      className="sc-VigVT bblIYE"
    />
  </li>
</ul>
`;
