// Jest Snapshot v1, https://goo.gl/fbAQLP

exports[`Comments matches a snapshot 1`] = `
<ul
  className="sc-htpNat hqwPgn"
>
  <h3
    className="sc-bxivhb blXckI"
  >
    Comment
    <li
      className="sc-bwzfXH fqQUGx"
    >
       
      pariatur occaecati ea autem at quis et dolorem similique pariatur ipsa hic et saepe itaque cumque repellendus vel et quibusdam qui aut nemo et illo qui non quod officiis aspernatur qui optio
       
    </li>
  </h3>
  <h3
    className="sc-bxivhb blXckI"
  >
    Comment
    <li
      className="sc-bwzfXH fqQUGx"
    >
       
      et dolorem sit reprehenderit sapiente occaecati iusto sit impedit nobis ut quia maiores debitis pariatur nostrum et aut assumenda error qui deserunt laborum quaerat et
       
    </li>
  </h3>
</ul>
`;
