// Jest Snapshot v1, https://goo.gl/fbAQLP

exports[`User matches a snapshot 1`] = `
<li>
  Chelsey Dietrich
</li>
`;
